Archive member included to satisfy reference by file (symbol)

c:/st/stm32cubeide_1.3.0/stm32cubeide/plugins/com.st.stm32cube.ide.mcu.externaltools.gnu-tools-for-stm32.7-2018-q2-update.win32_1.4.0.202007081208/tools/bin/../lib/gcc/arm-none-eabi/7.3.1/../../../../arm-none-eabi/lib/thumb/v7e-m/fpv4-sp/hard\libc_nano.a(lib_a-errno.o)
                              Core/Src/syscalls.o (__errno)
c:/st/stm32cubeide_1.3.0/stm32cubeide/plugins/com.st.stm32cube.ide.mcu.externaltools.gnu-tools-for-stm32.7-2018-q2-update.win32_1.4.0.202007081208/tools/bin/../lib/gcc/arm-none-eabi/7.3.1/../../../../arm-none-eabi/lib/thumb/v7e-m/fpv4-sp/hard\libc_nano.a(lib_a-exit.o)
                              c:/st/stm32cubeide_1.3.0/stm32cubeide/plugins/com.st.stm32cube.ide.mcu.externaltools.gnu-tools-for-stm32.7-2018-q2-update.win32_1.4.0.202007081208/tools/bin/../lib/gcc/arm-none-eabi/7.3.1/../../../../arm-none-eabi/lib/thumb/v7e-m/fpv4-sp/hard/crt0.o (exit)
c:/st/stm32cubeide_1.3.0/stm32cubeide/plugins/com.st.stm32cube.ide.mcu.externaltools.gnu-tools-for-stm32.7-2018-q2-update.win32_1.4.0.202007081208/tools/bin/../lib/gcc/arm-none-eabi/7.3.1/../../../../arm-none-eabi/lib/thumb/v7e-m/fpv4-sp/hard\libc_nano.a(lib_a-impure.o)
                              c:/st/stm32cubeide_1.3.0/stm32cubeide/plugins/com.st.stm32cube.ide.mcu.externaltools.gnu-tools-for-stm32.7-2018-q2-update.win32_1.4.0.202007081208/tools/bin/../lib/gcc/arm-none-eabi/7.3.1/../../../../arm-none-eabi/lib/thumb/v7e-m/fpv4-sp/hard\libc_nano.a(lib_a-exit.o) (_global_impure_ptr)
c:/st/stm32cubeide_1.3.0/stm32cubeide/plugins/com.st.stm32cube.ide.mcu.externaltools.gnu-tools-for-stm32.7-2018-q2-update.win32_1.4.0.202007081208/tools/bin/../lib/gcc/arm-none-eabi/7.3.1/../../../../arm-none-eabi/lib/thumb/v7e-m/fpv4-sp/hard\libc_nano.a(lib_a-init.o)
                              c:/st/stm32cubeide_1.3.0/stm32cubeide/plugins/com.st.stm32cube.ide.mcu.externaltools.gnu-tools-for-stm32.7-2018-q2-update.win32_1.4.0.202007081208/tools/bin/../lib/gcc/arm-none-eabi/7.3.1/../../../../arm-none-eabi/lib/thumb/v7e-m/fpv4-sp/hard/crt0.o (__libc_init_array)
c:/st/stm32cubeide_1.3.0/stm32cubeide/plugins/com.st.stm32cube.ide.mcu.externaltools.gnu-tools-for-stm32.7-2018-q2-update.win32_1.4.0.202007081208/tools/bin/../lib/gcc/arm-none-eabi/7.3.1/../../../../arm-none-eabi/lib/thumb/v7e-m/fpv4-sp/hard\libc_nano.a(lib_a-memset.o)
                              c:/st/stm32cubeide_1.3.0/stm32cubeide/plugins/com.st.stm32cube.ide.mcu.externaltools.gnu-tools-for-stm32.7-2018-q2-update.win32_1.4.0.202007081208/tools/bin/../lib/gcc/arm-none-eabi/7.3.1/../../../../arm-none-eabi/lib/thumb/v7e-m/fpv4-sp/hard/crt0.o (memset)

Allocating common symbols
Common symbol       size              file

display_buffer_pb   0x80              Core/Src/main.o
display_buffer_pa   0x80              Core/Src/main.o
str                 0x40              Core/Src/main.o

Discarded input sections

 .text          0x0000000000000000        0x0 c:/st/stm32cubeide_1.3.0/stm32cubeide/plugins/com.st.stm32cube.ide.mcu.externaltools.gnu-tools-for-stm32.7-2018-q2-update.win32_1.4.0.202007081208/tools/bin/../lib/gcc/arm-none-eabi/7.3.1/thumb/v7e-m/fpv4-sp/hard/crti.o
 .data          0x0000000000000000        0x0 c:/st/stm32cubeide_1.3.0/stm32cubeide/plugins/com.st.stm32cube.ide.mcu.externaltools.gnu-tools-for-stm32.7-2018-q2-update.win32_1.4.0.202007081208/tools/bin/../lib/gcc/arm-none-eabi/7.3.1/thumb/v7e-m/fpv4-sp/hard/crti.o
 .bss           0x0000000000000000        0x0 c:/st/stm32cubeide_1.3.0/stm32cubeide/plugins/com.st.stm32cube.ide.mcu.externaltools.gnu-tools-for-stm32.7-2018-q2-update.win32_1.4.0.202007081208/tools/bin/../lib/gcc/arm-none-eabi/7.3.1/thumb/v7e-m/fpv4-sp/hard/crti.o
 .data          0x0000000000000000        0x4 c:/st/stm32cubeide_1.3.0/stm32cubeide/plugins/com.st.stm32cube.ide.mcu.externaltools.gnu-tools-for-stm32.7-2018-q2-update.win32_1.4.0.202007081208/tools/bin/../lib/gcc/arm-none-eabi/7.3.1/thumb/v7e-m/fpv4-sp/hard/crtbegin.o
 .text          0x0000000000000000       0x74 c:/st/stm32cubeide_1.3.0/stm32cubeide/plugins/com.st.stm32cube.ide.mcu.externaltools.gnu-tools-for-stm32.7-2018-q2-update.win32_1.4.0.202007081208/tools/bin/../lib/gcc/arm-none-eabi/7.3.1/../../../../arm-none-eabi/lib/thumb/v7e-m/fpv4-sp/hard/crt0.o
 .data          0x0000000000000000        0x0 c:/st/stm32cubeide_1.3.0/stm32cubeide/plugins/com.st.stm32cube.ide.mcu.externaltools.gnu-tools-for-stm32.7-2018-q2-update.win32_1.4.0.202007081208/tools/bin/../lib/gcc/arm-none-eabi/7.3.1/../../../../arm-none-eabi/lib/thumb/v7e-m/fpv4-sp/hard/crt0.o
 .bss           0x0000000000000000        0x0 c:/st/stm32cubeide_1.3.0/stm32cubeide/plugins/com.st.stm32cube.ide.mcu.externaltools.gnu-tools-for-stm32.7-2018-q2-update.win32_1.4.0.202007081208/tools/bin/../lib/gcc/arm-none-eabi/7.3.1/../../../../arm-none-eabi/lib/thumb/v7e-m/fpv4-sp/hard/crt0.o
[...]
Memory Configuration

Name             Origin             Length             Attributes
CCMRAM           0x0000000010000000 0x0000000000001000 xrw
RAM              0x0000000020000000 0x0000000000003000 xrw
FLASH            0x0000000008000000 0x0000000000010000 xr
*default*        0x0000000000000000 0xffffffffffffffff

Linker script and memory map

LOAD c:/st/stm32cubeide_1.3.0/stm32cubeide/plugins/com.st.stm32cube.ide.mcu.externaltools.gnu-tools-for-stm32.7-2018-q2-update.win32_1.4.0.202007081208/tools/bin/../lib/gcc/arm-none-eabi/7.3.1/thumb/v7e-m/fpv4-sp/hard/crti.o
LOAD c:/st/stm32cubeide_1.3.0/stm32cubeide/plugins/com.st.stm32cube.ide.mcu.externaltools.gnu-tools-for-stm32.7-2018-q2-update.win32_1.4.0.202007081208/tools/bin/../lib/gcc/arm-none-eabi/7.3.1/thumb/v7e-m/fpv4-sp/hard/crtbegin.o
LOAD c:/st/stm32cubeide_1.3.0/stm32cubeide/plugins/com.st.stm32cube.ide.mcu.externaltools.gnu-tools-for-stm32.7-2018-q2-update.win32_1.4.0.202007081208/tools/bin/../lib/gcc/arm-none-eabi/7.3.1/../../../../arm-none-eabi/lib/thumb/v7e-m/fpv4-sp/hard/crt0.o
LOAD Core/Src/main.o
LOAD Core/Src/stm32f3xx_it.o
LOAD Core/Src/syscalls.o
LOAD Core/Src/sysmem.o
LOAD Core/Src/system_stm32f3xx.o
LOAD Core/Startup/startup_stm32f303k8tx.o
LOAD Drivers/STM32F3xx_HAL_Driver/Src/stm32f3xx_ll_dma.o
LOAD Drivers/STM32F3xx_HAL_Driver/Src/stm32f3xx_ll_exti.o
LOAD Drivers/STM32F3xx_HAL_Driver/Src/stm32f3xx_ll_gpio.o
LOAD Drivers/STM32F3xx_HAL_Driver/Src/stm32f3xx_ll_rcc.o
LOAD Drivers/STM32F3xx_HAL_Driver/Src/stm32f3xx_ll_tim.o
LOAD Drivers/STM32F3xx_HAL_Driver/Src/stm32f3xx_ll_utils.o
START GROUP
LOAD c:/st/stm32cubeide_1.3.0/stm32cubeide/plugins/com.st.stm32cube.ide.mcu.externaltools.gnu-tools-for-stm32.7-2018-q2-update.win32_1.4.0.202007081208/tools/bin/../lib/gcc/arm-none-eabi/7.3.1/../../../../arm-none-eabi/lib/thumb/v7e-m/fpv4-sp/hard\libc_nano.a
LOAD c:/st/stm32cubeide_1.3.0/stm32cubeide/plugins/com.st.stm32cube.ide.mcu.externaltools.gnu-tools-for-stm32.7-2018-q2-update.win32_1.4.0.202007081208/tools/bin/../lib/gcc/arm-none-eabi/7.3.1/../../../../arm-none-eabi/lib/thumb/v7e-m/fpv4-sp/hard\libm.a
END GROUP
START GROUP
LOAD c:/st/stm32cubeide_1.3.0/stm32cubeide/plugins/com.st.stm32cube.ide.mcu.externaltools.gnu-tools-for-stm32.7-2018-q2-update.win32_1.4.0.202007081208/tools/bin/../lib/gcc/arm-none-eabi/7.3.1/thumb/v7e-m/fpv4-sp/hard\libgcc.a
LOAD c:/st/stm32cubeide_1.3.0/stm32cubeide/plugins/com.st.stm32cube.ide.mcu.externaltools.gnu-tools-for-stm32.7-2018-q2-update.win32_1.4.0.202007081208/tools/bin/../lib/gcc/arm-none-eabi/7.3.1/../../../../arm-none-eabi/lib/thumb/v7e-m/fpv4-sp/hard\libc_nano.a
END GROUP
START GROUP
LOAD c:/st/stm32cubeide_1.3.0/stm32cubeide/plugins/com.st.stm32cube.ide.mcu.externaltools.gnu-tools-for-stm32.7-2018-q2-update.win32_1.4.0.202007081208/tools/bin/../lib/gcc/arm-none-eabi/7.3.1/thumb/v7e-m/fpv4-sp/hard\libgcc.a
LOAD c:/st/stm32cubeide_1.3.0/stm32cubeide/plugins/com.st.stm32cube.ide.mcu.externaltools.gnu-tools-for-stm32.7-2018-q2-update.win32_1.4.0.202007081208/tools/bin/../lib/gcc/arm-none-eabi/7.3.1/../../../../arm-none-eabi/lib/thumb/v7e-m/fpv4-sp/hard\libc_nano.a
LOAD c:/st/stm32cubeide_1.3.0/stm32cubeide/plugins/com.st.stm32cube.ide.mcu.externaltools.gnu-tools-for-stm32.7-2018-q2-update.win32_1.4.0.202007081208/tools/bin/../lib/gcc/arm-none-eabi/7.3.1/../../../../arm-none-eabi/lib/thumb/v7e-m/fpv4-sp/hard\libnosys.a
END GROUP
START GROUP
LOAD c:/st/stm32cubeide_1.3.0/stm32cubeide/plugins/com.st.stm32cube.ide.mcu.externaltools.gnu-tools-for-stm32.7-2018-q2-update.win32_1.4.0.202007081208/tools/bin/../lib/gcc/arm-none-eabi/7.3.1/thumb/v7e-m/fpv4-sp/hard\libgcc.a
LOAD c:/st/stm32cubeide_1.3.0/stm32cubeide/plugins/com.st.stm32cube.ide.mcu.externaltools.gnu-tools-for-stm32.7-2018-q2-update.win32_1.4.0.202007081208/tools/bin/../lib/gcc/arm-none-eabi/7.3.1/../../../../arm-none-eabi/lib/thumb/v7e-m/fpv4-sp/hard\libc_nano.a
LOAD c:/st/stm32cubeide_1.3.0/stm32cubeide/plugins/com.st.stm32cube.ide.mcu.externaltools.gnu-tools-for-stm32.7-2018-q2-update.win32_1.4.0.202007081208/tools/bin/../lib/gcc/arm-none-eabi/7.3.1/../../../../arm-none-eabi/lib/thumb/v7e-m/fpv4-sp/hard\libnosys.a
END GROUP
LOAD c:/st/stm32cubeide_1.3.0/stm32cubeide/plugins/com.st.stm32cube.ide.mcu.externaltools.gnu-tools-for-stm32.7-2018-q2-update.win32_1.4.0.202007081208/tools/bin/../lib/gcc/arm-none-eabi/7.3.1/thumb/v7e-m/fpv4-sp/hard/crtend.o
LOAD c:/st/stm32cubeide_1.3.0/stm32cubeide/plugins/com.st.stm32cube.ide.mcu.externaltools.gnu-tools-for-stm32.7-2018-q2-update.win32_1.4.0.202007081208/tools/bin/../lib/gcc/arm-none-eabi/7.3.1/thumb/v7e-m/fpv4-sp/hard/crtn.o
                0x0000000020003000                _estack = (ORIGIN (RAM) + LENGTH (RAM))
                0x0000000000000200                _Min_Heap_Size = 0x200
                0x0000000000000400                _Min_Stack_Size = 0x400

.isr_vector     0x0000000008000000      0x188
                0x0000000008000000                . = ALIGN (0x4)
 *(.isr_vector)
 .isr_vector    0x0000000008000000      0x188 Core/Startup/startup_stm32f303k8tx.o
                0x0000000008000000                g_pfnVectors
                0x0000000008000188                . = ALIGN (0x4)

.text           0x0000000008000188     0x15e8
                0x0000000008000188                . = ALIGN (0x4)
 *(.text)
 .text          0x0000000008000188       0x40 c:/st/stm32cubeide_1.3.0/stm32cubeide/plugins/com.st.stm32cube.ide.mcu.externaltools.gnu-tools-for-stm32.7-2018-q2-update.win32_1.4.0.202007081208/tools/bin/../lib/gcc/arm-none-eabi/7.3.1/thumb/v7e-m/fpv4-sp/hard/crtbegin.o
 *(.text*)
 .text.__NVIC_SetPriorityGrouping
                0x00000000080001c8       0x48 Core/Src/main.o
 .text.__NVIC_GetPriorityGrouping
                0x0000000008000210       0x1c Core/Src/main.o
 .text.__NVIC_EnableIRQ
                0x000000000800022c       0x3c Core/Src/main.o
 .text.__NVIC_SetPriority
                0x0000000008000268       0x54 Core/Src/main.o
 .text.NVIC_EncodePriority
                0x00000000080002bc       0x66 Core/Src/main.o
 *fill*         0x0000000008000322        0x2 
 .text.LL_RCC_HSI_Enable
                0x0000000008000324       0x20 Core/Src/main.o
 .text.LL_RCC_HSI_IsReady
                0x0000000008000344       0x24 Core/Src/main.o
 .text.LL_RCC_HSI_SetCalibTrimming
                0x0000000008000368       0x2c Core/Src/main.o
 .text.LL_RCC_SetSysClkSource
                0x0000000008000394       0x28 Core/Src/main.o
 .text.LL_RCC_GetSysClkSource
                0x00000000080003bc       0x1c Core/Src/main.o
 .text.LL_RCC_SetAHBPrescaler
                0x00000000080003d8       0x28 Core/Src/main.o
 .text.LL_RCC_SetAPB1Prescaler
                0x0000000008000400       0x28 Core/Src/main.o
 .text.LL_RCC_SetAPB2Prescaler
                0x0000000008000428       0x28 Core/Src/main.o
 .text.LL_AHB1_GRP1_EnableClock
                0x0000000008000450       0x30 Core/Src/main.o
 .text.LL_APB1_GRP1_EnableClock
                0x0000000008000480       0x30 Core/Src/main.o
 .text.LL_APB2_GRP1_EnableClock
                0x00000000080004b0       0x30 Core/Src/main.o
 .text.LL_FLASH_SetLatency
                0x00000000080004e0       0x28 Core/Src/main.o
 .text.LL_FLASH_GetLatency
                0x0000000008000508       0x1c Core/Src/main.o
 .text.LL_TIM_DisableARRPreload
                0x0000000008000524       0x20 Core/Src/main.o
 .text.LL_TIM_EnableIT_UPDATE
                0x0000000008000544       0x20 Core/Src/main.o
 .text.LL_GPIO_ResetOutputPin
                0x0000000008000564       0x1c Core/Src/main.o
 .text.my_str_cpy
                0x0000000008000580       0x54 Core/Src/main.o
                0x0000000008000580                my_str_cpy
 .text.convert_str_to_7seg
                0x00000000080005d4      0x6d0 Core/Src/main.o
                0x00000000080005d4                convert_str_to_7seg
 .text.start_tim17_with_IT
                0x0000000008000ca4       0x20 Core/Src/main.o
                0x0000000008000ca4                start_tim17_with_IT
 .text.start_tim16_with_IT
                0x0000000008000cc4       0x20 Core/Src/main.o
                0x0000000008000cc4                start_tim16_with_IT
 .text.multiplex_display_fcn
                0x0000000008000ce4      0x12c Core/Src/main.o
                0x0000000008000ce4                multiplex_display_fcn
 .text.main     0x0000000008000e10      0x120 Core/Src/main.o
                0x0000000008000e10                main
 .text.SystemClock_Config
                0x0000000008000f30       0x64 Core/Src/main.o
                0x0000000008000f30                SystemClock_Config
 .text.MX_TIM16_Init
                0x0000000008000f94       0x70 Core/Src/main.o
 .text.MX_TIM17_Init
                0x0000000008001004       0x70 Core/Src/main.o
 .text.MX_GPIO_Init
                0x0000000008001074       0xb4 Core/Src/main.o
 .text.NMI_Handler
                0x0000000008001128        0xe Core/Src/stm32f3xx_it.o
                0x0000000008001128                NMI_Handler
 .text.HardFault_Handler
                0x0000000008001136        0x6 Core/Src/stm32f3xx_it.o
                0x0000000008001136                HardFault_Handler
 .text.MemManage_Handler
                0x000000000800113c        0x6 Core/Src/stm32f3xx_it.o
                0x000000000800113c                MemManage_Handler
 .text.BusFault_Handler
                0x0000000008001142        0x6 Core/Src/stm32f3xx_it.o
                0x0000000008001142                BusFault_Handler
 .text.UsageFault_Handler
                0x0000000008001148        0x6 Core/Src/stm32f3xx_it.o
                0x0000000008001148                UsageFault_Handler
 .text.SVC_Handler
                0x000000000800114e        0xe Core/Src/stm32f3xx_it.o
                0x000000000800114e                SVC_Handler
 .text.DebugMon_Handler
                0x000000000800115c        0xe Core/Src/stm32f3xx_it.o
                0x000000000800115c                DebugMon_Handler
 .text.PendSV_Handler
                0x000000000800116a        0xe Core/Src/stm32f3xx_it.o
                0x000000000800116a                PendSV_Handler
 .text.SysTick_Handler
                0x0000000008001178        0xe Core/Src/stm32f3xx_it.o
                0x0000000008001178                SysTick_Handler
 *fill*         0x0000000008001186        0x2 
 .text.TIM1_UP_TIM16_IRQHandler
                0x0000000008001188       0x30 Core/Src/stm32f3xx_it.o
                0x0000000008001188                TIM1_UP_TIM16_IRQHandler
 .text.TIM1_TRG_COM_TIM17_IRQHandler
                0x00000000080011b8       0x30 Core/Src/stm32f3xx_it.o
                0x00000000080011b8                TIM1_TRG_COM_TIM17_IRQHandler
 .text.SystemInit
                0x00000000080011e8       0x24 Core/Src/system_stm32f3xx.o
                0x00000000080011e8                SystemInit
 .text.Reset_Handler
                0x000000000800120c       0x50 Core/Startup/startup_stm32f303k8tx.o
                0x000000000800120c                Reset_Handler
 .text.Default_Handler
                0x000000000800125c        0x2 Core/Startup/startup_stm32f303k8tx.o
                0x000000000800125c                RTC_Alarm_IRQHandler
                0x000000000800125c                TIM1_CC_IRQHandler
                0x000000000800125c                PVD_IRQHandler
                0x000000000800125c                TAMP_STAMP_IRQHandler
                0x000000000800125c                EXTI3_IRQHandler
                0x000000000800125c                EXTI0_IRQHandler
                0x000000000800125c                FPU_IRQHandler
                0x000000000800125c                CAN_TX_IRQHandler
                0x000000000800125c                ADC1_2_IRQHandler
                0x000000000800125c                SPI1_IRQHandler
                0x000000000800125c                CAN_SCE_IRQHandler
                0x000000000800125c                DMA1_Channel4_IRQHandler
                0x000000000800125c                USART3_IRQHandler
                0x000000000800125c                DMA1_Channel7_IRQHandler
                0x000000000800125c                TIM7_DAC2_IRQHandler
                0x000000000800125c                CAN_RX1_IRQHandler
                0x000000000800125c                I2C1_EV_IRQHandler
                0x000000000800125c                DMA1_Channel6_IRQHandler
                0x000000000800125c                TIM3_IRQHandler
                0x000000000800125c                RCC_IRQHandler
                0x000000000800125c                DMA1_Channel1_IRQHandler
                0x000000000800125c                Default_Handler
                0x000000000800125c                EXTI15_10_IRQHandler
                0x000000000800125c                COMP2_IRQHandler
                0x000000000800125c                TIM6_DAC1_IRQHandler
                0x000000000800125c                EXTI9_5_IRQHandler
                0x000000000800125c                RTC_WKUP_IRQHandler
                0x000000000800125c                DMA1_Channel5_IRQHandler
                0x000000000800125c                EXTI4_IRQHandler
                0x000000000800125c                DMA1_Channel3_IRQHandler
                0x000000000800125c                WWDG_IRQHandler
                0x000000000800125c                TIM2_IRQHandler
                0x000000000800125c                EXTI1_IRQHandler
                0x000000000800125c                COMP4_6_IRQHandler
                0x000000000800125c                USART2_IRQHandler
                0x000000000800125c                DMA1_Channel2_IRQHandler
                0x000000000800125c                FLASH_IRQHandler
                0x000000000800125c                USART1_IRQHandler
                0x000000000800125c                CAN_RX0_IRQHandler
                0x000000000800125c                I2C1_ER_IRQHandler
                0x000000000800125c                EXTI2_TSC_IRQHandler
                0x000000000800125c                TIM1_BRK_TIM15_IRQHandler
 .text.LL_GPIO_SetPinMode
                0x000000000800125e       0x5e Drivers/STM32F3xx_HAL_Driver/Src/stm32f3xx_ll_gpio.o
 .text.LL_GPIO_SetPinOutputType
                0x00000000080012bc       0x30 Drivers/STM32F3xx_HAL_Driver/Src/stm32f3xx_ll_gpio.o
 .text.LL_GPIO_SetPinSpeed
                0x00000000080012ec       0x5e Drivers/STM32F3xx_HAL_Driver/Src/stm32f3xx_ll_gpio.o
 .text.LL_GPIO_SetPinPull
                0x000000000800134a       0x5e Drivers/STM32F3xx_HAL_Driver/Src/stm32f3xx_ll_gpio.o
 .text.LL_GPIO_SetAFPin_0_7
                0x00000000080013a8       0x5e Drivers/STM32F3xx_HAL_Driver/Src/stm32f3xx_ll_gpio.o
 .text.LL_GPIO_SetAFPin_8_15
                0x0000000008001406       0x62 Drivers/STM32F3xx_HAL_Driver/Src/stm32f3xx_ll_gpio.o
 .text.LL_GPIO_Init
                0x0000000008001468       0xe0 Drivers/STM32F3xx_HAL_Driver/Src/stm32f3xx_ll_gpio.o
                0x0000000008001468                LL_GPIO_Init
 .text.LL_TIM_SetPrescaler
                0x0000000008001548       0x1c Drivers/STM32F3xx_HAL_Driver/Src/stm32f3xx_ll_tim.o
 .text.LL_TIM_SetAutoReload
                0x0000000008001564       0x1c Drivers/STM32F3xx_HAL_Driver/Src/stm32f3xx_ll_tim.o
 .text.LL_TIM_SetRepetitionCounter
                0x0000000008001580       0x1c Drivers/STM32F3xx_HAL_Driver/Src/stm32f3xx_ll_tim.o
 .text.LL_TIM_GenerateEvent_UPDATE
                0x000000000800159c       0x20 Drivers/STM32F3xx_HAL_Driver/Src/stm32f3xx_ll_tim.o
 .text.LL_TIM_Init
                0x00000000080015bc       0xe4 Drivers/STM32F3xx_HAL_Driver/Src/stm32f3xx_ll_tim.o
                0x00000000080015bc                LL_TIM_Init
 .text.LL_InitTick
                0x00000000080016a0       0x34 Drivers/STM32F3xx_HAL_Driver/Src/stm32f3xx_ll_utils.o
 .text.LL_Init1msTick
                0x00000000080016d4       0x1a Drivers/STM32F3xx_HAL_Driver/Src/stm32f3xx_ll_utils.o
                0x00000000080016d4                LL_Init1msTick
 *fill*         0x00000000080016ee        0x2 
 .text.LL_SetSystemCoreClock
                0x00000000080016f0       0x20 Drivers/STM32F3xx_HAL_Driver/Src/stm32f3xx_ll_utils.o
                0x00000000080016f0                LL_SetSystemCoreClock
 .text.__libc_init_array
                0x0000000008001710       0x48 c:/st/stm32cubeide_1.3.0/stm32cubeide/plugins/com.st.stm32cube.ide.mcu.externaltools.gnu-tools-for-stm32.7-2018-q2-update.win32_1.4.0.202007081208/tools/bin/../lib/gcc/arm-none-eabi/7.3.1/../../../../arm-none-eabi/lib/thumb/v7e-m/fpv4-sp/hard\libc_nano.a(lib_a-init.o)
                0x0000000008001710                __libc_init_array
 *(.glue_7)
 .glue_7        0x0000000008001758        0x0 linker stubs
 *(.glue_7t)
 .glue_7t       0x0000000008001758        0x0 linker stubs
 *(.eh_frame)
 .eh_frame      0x0000000008001758        0x0 c:/st/stm32cubeide_1.3.0/stm32cubeide/plugins/com.st.stm32cube.ide.mcu.externaltools.gnu-tools-for-stm32.7-2018-q2-update.win32_1.4.0.202007081208/tools/bin/../lib/gcc/arm-none-eabi/7.3.1/thumb/v7e-m/fpv4-sp/hard/crtbegin.o
 *(.init)
 .init          0x0000000008001758        0x4 c:/st/stm32cubeide_1.3.0/stm32cubeide/plugins/com.st.stm32cube.ide.mcu.externaltools.gnu-tools-for-stm32.7-2018-q2-update.win32_1.4.0.202007081208/tools/bin/../lib/gcc/arm-none-eabi/7.3.1/thumb/v7e-m/fpv4-sp/hard/crti.o
                0x0000000008001758                _init
 .init          0x000000000800175c        0x8 c:/st/stm32cubeide_1.3.0/stm32cubeide/plugins/com.st.stm32cube.ide.mcu.externaltools.gnu-tools-for-stm32.7-2018-q2-update.win32_1.4.0.202007081208/tools/bin/../lib/gcc/arm-none-eabi/7.3.1/thumb/v7e-m/fpv4-sp/hard/crtn.o
 *(.fini)
 .fini          0x0000000008001764        0x4 c:/st/stm32cubeide_1.3.0/stm32cubeide/plugins/com.st.stm32cube.ide.mcu.externaltools.gnu-tools-for-stm32.7-2018-q2-update.win32_1.4.0.202007081208/tools/bin/../lib/gcc/arm-none-eabi/7.3.1/thumb/v7e-m/fpv4-sp/hard/crti.o
                0x0000000008001764                _fini
 .fini          0x0000000008001768        0x8 c:/st/stm32cubeide_1.3.0/stm32cubeide/plugins/com.st.stm32cube.ide.mcu.externaltools.gnu-tools-for-stm32.7-2018-q2-update.win32_1.4.0.202007081208/tools/bin/../lib/gcc/arm-none-eabi/7.3.1/thumb/v7e-m/fpv4-sp/hard/crtn.o
                0x0000000008001770                . = ALIGN (0x4)
                0x0000000008001770                _etext = .

.vfp11_veneer   0x0000000008001770        0x0
 .vfp11_veneer  0x0000000008001770        0x0 linker stubs

.v4_bx          0x0000000008001770        0x0
 .v4_bx         0x0000000008001770        0x0 linker stubs

.iplt           0x0000000008001770        0x0
 .iplt          0x0000000008001770        0x0 c:/st/stm32cubeide_1.3.0/stm32cubeide/plugins/com.st.stm32cube.ide.mcu.externaltools.gnu-tools-for-stm32.7-2018-q2-update.win32_1.4.0.202007081208/tools/bin/../lib/gcc/arm-none-eabi/7.3.1/thumb/v7e-m/fpv4-sp/hard/crtbegin.o

.rodata         0x0000000008001770       0x28
                0x0000000008001770                . = ALIGN (0x4)
 *(.rodata)
 .rodata        0x0000000008001770       0x26 Core/Src/main.o
 *(.rodata*)
                0x0000000008001798                . = ALIGN (0x4)
 *fill*         0x0000000008001796        0x2 

.rel.dyn        0x0000000008001798        0x0
 .rel.iplt      0x0000000008001798        0x0 c:/st/stm32cubeide_1.3.0/stm32cubeide/plugins/com.st.stm32cube.ide.mcu.externaltools.gnu-tools-for-stm32.7-2018-q2-update.win32_1.4.0.202007081208/tools/bin/../lib/gcc/arm-none-eabi/7.3.1/thumb/v7e-m/fpv4-sp/hard/crtbegin.o

.ARM.extab      0x0000000008001798        0x0
                0x0000000008001798                . = ALIGN (0x4)
 *(.ARM.extab* .gnu.linkonce.armextab.*)
                0x0000000008001798                . = ALIGN (0x4)

.ARM            0x0000000008001798        0x0
                0x0000000008001798                . = ALIGN (0x4)
                0x0000000008001798                __exidx_start = .
 *(.ARM.exidx*)
                0x0000000008001798                __exidx_end = .
                0x0000000008001798                . = ALIGN (0x4)

.preinit_array  0x0000000008001798        0x0
                0x0000000008001798                . = ALIGN (0x4)
                0x0000000008001798                PROVIDE (__preinit_array_start = .)
 *(.preinit_array*)
                0x0000000008001798                PROVIDE (__preinit_array_end = .)
                0x0000000008001798                . = ALIGN (0x4)

.init_array     0x0000000008001798        0x4
                0x0000000008001798                . = ALIGN (0x4)
                0x0000000008001798                PROVIDE (__init_array_start = .)
 *(SORT_BY_NAME(.init_array.*))
 *(.init_array*)
 .init_array    0x0000000008001798        0x4 c:/st/stm32cubeide_1.3.0/stm32cubeide/plugins/com.st.stm32cube.ide.mcu.externaltools.gnu-tools-for-stm32.7-2018-q2-update.win32_1.4.0.202007081208/tools/bin/../lib/gcc/arm-none-eabi/7.3.1/thumb/v7e-m/fpv4-sp/hard/crtbegin.o
                0x000000000800179c                PROVIDE (__init_array_end = .)
                0x000000000800179c                . = ALIGN (0x4)

.fini_array     0x000000000800179c        0x4
                0x000000000800179c                . = ALIGN (0x4)
                [!provide]                        PROVIDE (__fini_array_start = .)
 *(SORT_BY_NAME(.fini_array.*))
 *(.fini_array*)
 .fini_array    0x000000000800179c        0x4 c:/st/stm32cubeide_1.3.0/stm32cubeide/plugins/com.st.stm32cube.ide.mcu.externaltools.gnu-tools-for-stm32.7-2018-q2-update.win32_1.4.0.202007081208/tools/bin/../lib/gcc/arm-none-eabi/7.3.1/thumb/v7e-m/fpv4-sp/hard/crtbegin.o
                [!provide]                        PROVIDE (__fini_array_end = .)
                0x00000000080017a0                . = ALIGN (0x4)
                0x00000000080017a0                _sidata = LOADADDR (.data)

.data           0x0000000020000000        0x4 load address 0x00000000080017a0
                0x0000000020000000                . = ALIGN (0x4)
                0x0000000020000000                _sdata = .
 *(.data)
 *(.data*)
 .data.SystemCoreClock
                0x0000000020000000        0x4 Core/Src/system_stm32f3xx.o
                0x0000000020000000                SystemCoreClock
                0x0000000020000004                . = ALIGN (0x4)
                0x0000000020000004                _edata = .

.igot.plt       0x0000000020000004        0x0 load address 0x00000000080017a4
 .igot.plt      0x0000000020000004        0x0 c:/st/stm32cubeide_1.3.0/stm32cubeide/plugins/com.st.stm32cube.ide.mcu.externaltools.gnu-tools-for-stm32.7-2018-q2-update.win32_1.4.0.202007081208/tools/bin/../lib/gcc/arm-none-eabi/7.3.1/thumb/v7e-m/fpv4-sp/hard/crtbegin.o
                0x0000000020000004                . = ALIGN (0x4)

.bss            0x0000000020000004      0x164 load address 0x00000000080017a4
                0x0000000020000004                _sbss = .
                0x0000000020000004                __bss_start__ = _sbss
 *(.bss)
 .bss           0x0000000020000004       0x1c c:/st/stm32cubeide_1.3.0/stm32cubeide/plugins/com.st.stm32cube.ide.mcu.externaltools.gnu-tools-for-stm32.7-2018-q2-update.win32_1.4.0.202007081208/tools/bin/../lib/gcc/arm-none-eabi/7.3.1/thumb/v7e-m/fpv4-sp/hard/crtbegin.o
 *(.bss*)
 .bss.mode      0x0000000020000020        0x1 Core/Src/main.o
                0x0000000020000020                mode
 .bss.active_display
                0x0000000020000021        0x1 Core/Src/main.o
                0x0000000020000021                active_display
 .bss.size_buff
                0x0000000020000022        0x2 Core/Src/main.o
                0x0000000020000022                size_buff
 .bss.offset    0x0000000020000024        0x2 Core/Src/main.o
                0x0000000020000024                offset
 *(COMMON)
 *fill*         0x0000000020000026        0x2 
 COMMON         0x0000000020000028      0x140 Core/Src/main.o
                0x0000000020000028                display_buffer_pb
                0x00000000200000a8                display_buffer_pa
                0x0000000020000128                str
                0x0000000020000168                . = ALIGN (0x4)
                0x0000000020000168                _ebss = .
                0x0000000020000168                __bss_end__ = _ebss

._user_heap_stack
                0x0000000020000168      0x600 load address 0x00000000080017a4
                0x0000000020000168                . = ALIGN (0x8)
                [!provide]                        PROVIDE (end = .)
                0x0000000020000168                PROVIDE (_end = .)
                0x0000000020000368                . = (. + _Min_Heap_Size)
 *fill*         0x0000000020000168      0x200 
                0x0000000020000768                . = (. + _Min_Stack_Size)
 *fill*         0x0000000020000368      0x400 
                0x0000000020000768                . = ALIGN (0x8)

/DISCARD/
 libc.a(*)
 libm.a(*)
 libgcc.a(*)

.ARM.attributes
                0x0000000000000000       0x30
 *(.ARM.attributes)
 .ARM.attributes
                0x0000000000000000       0x22 c:/st/stm32cubeide_1.3.0/stm32cubeide/plugins/com.st.stm32cube.ide.mcu.externaltools.gnu-tools-for-stm32.7-2018-q2-update.win32_1.4.0.202007081208/tools/bin/../lib/gcc/arm-none-eabi/7.3.1/thumb/v7e-m/fpv4-sp/hard/crti.o
 .ARM.attributes
                0x0000000000000022       0x34 c:/st/stm32cubeide_1.3.0/stm32cubeide/plugins/com.st.stm32cube.ide.mcu.externaltools.gnu-tools-for-stm32.7-2018-q2-update.win32_1.4.0.202007081208/tools/bin/../lib/gcc/arm-none-eabi/7.3.1/thumb/v7e-m/fpv4-sp/hard/crtbegin.o
 .ARM.attributes
                0x0000000000000056       0x39 Core/Src/main.o
 .ARM.attributes
                0x000000000000008f       0x39 Core/Src/stm32f3xx_it.o
 .ARM.attributes
                0x00000000000000c8       0x39 Core/Src/system_stm32f3xx.o
 .ARM.attributes
                0x0000000000000101       0x21 Core/Startup/startup_stm32f303k8tx.o
 .ARM.attributes
                0x0000000000000122       0x39 Drivers/STM32F3xx_HAL_Driver/Src/stm32f3xx_ll_gpio.o
 .ARM.attributes
                0x000000000000015b       0x39 Drivers/STM32F3xx_HAL_Driver/Src/stm32f3xx_ll_tim.o
 .ARM.attributes
                0x0000000000000194       0x39 Drivers/STM32F3xx_HAL_Driver/Src/stm32f3xx_ll_utils.o
 .ARM.attributes
                0x00000000000001cd       0x34 c:/st/stm32cubeide_1.3.0/stm32cubeide/plugins/com.st.stm32cube.ide.mcu.externaltools.gnu-tools-for-stm32.7-2018-q2-update.win32_1.4.0.202007081208/tools/bin/../lib/gcc/arm-none-eabi/7.3.1/../../../../arm-none-eabi/lib/thumb/v7e-m/fpv4-sp/hard\libc_nano.a(lib_a-init.o)
 .ARM.attributes
                0x0000000000000201       0x22 c:/st/stm32cubeide_1.3.0/stm32cubeide/plugins/com.st.stm32cube.ide.mcu.externaltools.gnu-tools-for-stm32.7-2018-q2-update.win32_1.4.0.202007081208/tools/bin/../lib/gcc/arm-none-eabi/7.3.1/thumb/v7e-m/fpv4-sp/hard/crtn.o
OUTPUT(vrs_zad_8_cv10.elf elf32-littlearm)

.debug_info     0x0000000000000000     0x3733
 .debug_info    0x0000000000000000      0xfa8 Core/Src/main.o
 .debug_info    0x0000000000000fa8      0x3ba Core/Src/stm32f3xx_it.o
 .debug_info    0x0000000000001362      0x400 Core/Src/system_stm32f3xx.o
 .debug_info    0x0000000000001762       0x22 Core/Startup/startup_stm32f303k8tx.o
 .debug_info    0x0000000000001784      0x7e2 Drivers/STM32F3xx_HAL_Driver/Src/stm32f3xx_ll_gpio.o
 .debug_info    0x0000000000001f66      0xf9d Drivers/STM32F3xx_HAL_Driver/Src/stm32f3xx_ll_tim.o
 .debug_info    0x0000000000002f03      0x830 Drivers/STM32F3xx_HAL_Driver/Src/stm32f3xx_ll_utils.o

.debug_abbrev   0x0000000000000000      0xb67
 .debug_abbrev  0x0000000000000000      0x2c7 Core/Src/main.o
 .debug_abbrev  0x00000000000002c7       0xdb Core/Src/stm32f3xx_it.o
 .debug_abbrev  0x00000000000003a2      0x111 Core/Src/system_stm32f3xx.o
 .debug_abbrev  0x00000000000004b3       0x12 Core/Startup/startup_stm32f303k8tx.o
 .debug_abbrev  0x00000000000004c5      0x212 Drivers/STM32F3xx_HAL_Driver/Src/stm32f3xx_ll_gpio.o
 .debug_abbrev  0x00000000000006d7      0x1ff Drivers/STM32F3xx_HAL_Driver/Src/stm32f3xx_ll_tim.o
 .debug_abbrev  0x00000000000008d6      0x291 Drivers/STM32F3xx_HAL_Driver/Src/stm32f3xx_ll_utils.o

.debug_aranges  0x0000000000000000      0x480
 .debug_aranges
                0x0000000000000000      0x118 Core/Src/main.o
 .debug_aranges
                0x0000000000000118       0x70 Core/Src/stm32f3xx_it.o
 .debug_aranges
                0x0000000000000188       0x28 Core/Src/system_stm32f3xx.o
 .debug_aranges
                0x00000000000001b0       0x28 Core/Startup/startup_stm32f303k8tx.o
 .debug_aranges
                0x00000000000001d8       0x70 Drivers/STM32F3xx_HAL_Driver/Src/stm32f3xx_ll_gpio.o
 .debug_aranges
                0x0000000000000248      0x148 Drivers/STM32F3xx_HAL_Driver/Src/stm32f3xx_ll_tim.o
 .debug_aranges
                0x0000000000000390       0xf0 Drivers/STM32F3xx_HAL_Driver/Src/stm32f3xx_ll_utils.o

.debug_ranges   0x0000000000000000      0x418
 .debug_ranges  0x0000000000000000      0x108 Core/Src/main.o
 .debug_ranges  0x0000000000000108       0x60 Core/Src/stm32f3xx_it.o
 .debug_ranges  0x0000000000000168       0x18 Core/Src/system_stm32f3xx.o
 .debug_ranges  0x0000000000000180       0x20 Core/Startup/startup_stm32f303k8tx.o
 .debug_ranges  0x00000000000001a0       0x60 Drivers/STM32F3xx_HAL_Driver/Src/stm32f3xx_ll_gpio.o
 .debug_ranges  0x0000000000000200      0x138 Drivers/STM32F3xx_HAL_Driver/Src/stm32f3xx_ll_tim.o
 .debug_ranges  0x0000000000000338       0xe0 Drivers/STM32F3xx_HAL_Driver/Src/stm32f3xx_ll_utils.o

.debug_macro    0x0000000000000000    0x1527e
 .debug_macro   0x0000000000000000      0x144 Core/Src/main.o
 .debug_macro   0x0000000000000144      0xa90 Core/Src/main.o
 .debug_macro   0x0000000000000bd4       0x2e Core/Src/main.o
 .debug_macro   0x0000000000000c02       0x28 Core/Src/main.o
 .debug_macro   0x0000000000000c2a       0x22 Core/Src/main.o
 .debug_macro   0x0000000000000c4c       0x8e Core/Src/main.o
 .debug_macro   0x0000000000000cda       0x51 Core/Src/main.o
 .debug_macro   0x0000000000000d2b       0xef Core/Src/main.o
 .debug_macro   0x0000000000000e1a       0x6a Core/Src/main.o
 .debug_macro   0x0000000000000e84      0x1df Core/Src/main.o
 .debug_macro   0x0000000000001063       0x1c Core/Src/main.o
 .debug_macro   0x000000000000107f       0x22 Core/Src/main.o
 .debug_macro   0x00000000000010a1       0xdf Core/Src/main.o
 .debug_macro   0x0000000000001180      0xf07 Core/Src/main.o
 .debug_macro   0x0000000000002087    0x10bd9 Core/Src/main.o
 .debug_macro   0x0000000000012c60       0x43 Core/Src/main.o
 .debug_macro   0x0000000000012ca3      0x4bc Core/Src/main.o
 .debug_macro   0x000000000001315f       0xe1 Core/Src/main.o
 .debug_macro   0x0000000000013240      0x29f Core/Src/main.o
 .debug_macro   0x00000000000134df       0xfe Core/Src/main.o
 .debug_macro   0x00000000000135dd       0x28 Core/Src/main.o
 .debug_macro   0x0000000000013605       0x30 Core/Src/main.o
 .debug_macro   0x0000000000013635       0xa8 Core/Src/main.o
 .debug_macro   0x00000000000136dd      0x287 Core/Src/main.o
 .debug_macro   0x0000000000013964      0x803 Core/Src/main.o
 .debug_macro   0x0000000000014167      0x142 Core/Src/main.o
 .debug_macro   0x00000000000142a9       0xfa Core/Src/main.o
 .debug_macro   0x00000000000143a3      0x142 Core/Src/stm32f3xx_it.o
 .debug_macro   0x00000000000144e5       0xbd Core/Src/system_stm32f3xx.o
 .debug_macro   0x00000000000145a2       0xff Drivers/STM32F3xx_HAL_Driver/Src/stm32f3xx_ll_gpio.o
 .debug_macro   0x00000000000146a1      0x13c Drivers/STM32F3xx_HAL_Driver/Src/stm32f3xx_ll_gpio.o
 .debug_macro   0x00000000000147dd      0x169 Drivers/STM32F3xx_HAL_Driver/Src/stm32f3xx_ll_tim.o
 .debug_macro   0x0000000000014946      0x7fd Drivers/STM32F3xx_HAL_Driver/Src/stm32f3xx_ll_tim.o
 .debug_macro   0x0000000000015143      0x13b Drivers/STM32F3xx_HAL_Driver/Src/stm32f3xx_ll_utils.o

.debug_line     0x0000000000000000     0x2b9e
 .debug_line    0x0000000000000000      0x933 Core/Src/main.o
 .debug_line    0x0000000000000933      0x63b Core/Src/stm32f3xx_it.o
 .debug_line    0x0000000000000f6e      0x479 Core/Src/system_stm32f3xx.o
 .debug_line    0x00000000000013e7       0x88 Core/Startup/startup_stm32f303k8tx.o
 .debug_line    0x000000000000146f      0x661 Drivers/STM32F3xx_HAL_Driver/Src/stm32f3xx_ll_gpio.o
 .debug_line    0x0000000000001ad0      0x959 Drivers/STM32F3xx_HAL_Driver/Src/stm32f3xx_ll_tim.o
 .debug_line    0x0000000000002429      0x775 Drivers/STM32F3xx_HAL_Driver/Src/stm32f3xx_ll_utils.o

.debug_str      0x0000000000000000    0x73471
 .debug_str     0x0000000000000000    0x7034e Core/Src/main.o
                                      0x70639 (size before relaxing)
 .debug_str     0x000000000007034e       0xbd Core/Src/stm32f3xx_it.o
                                      0x6fe53 (size before relaxing)
 .debug_str     0x000000000007040b       0x5f Core/Src/system_stm32f3xx.o
                                      0x651f4 (size before relaxing)
 .debug_str     0x000000000007046a       0x36 Core/Startup/startup_stm32f303k8tx.o
                                         0x75 (size before relaxing)
 .debug_str     0x00000000000704a0      0x673 Drivers/STM32F3xx_HAL_Driver/Src/stm32f3xx_ll_gpio.o
                                      0x66557 (size before relaxing)
 .debug_str     0x0000000000070b13     0x1c3e Drivers/STM32F3xx_HAL_Driver/Src/stm32f3xx_ll_tim.o
                                      0x6b4a7 (size before relaxing)
 .debug_str     0x0000000000072751      0xd20 Drivers/STM32F3xx_HAL_Driver/Src/stm32f3xx_ll_utils.o
                                      0x6a229 (size before relaxing)

.comment        0x0000000000000000       0x7b
 .comment       0x0000000000000000       0x7b Core/Src/main.o
                                         0x7c (size before relaxing)
 .comment       0x000000000000007b       0x7c Core/Src/stm32f3xx_it.o
 .comment       0x000000000000007b       0x7c Core/Src/system_stm32f3xx.o
 .comment       0x000000000000007b       0x7c Drivers/STM32F3xx_HAL_Driver/Src/stm32f3xx_ll_gpio.o
 .comment       0x000000000000007b       0x7c Drivers/STM32F3xx_HAL_Driver/Src/stm32f3xx_ll_tim.o
 .comment       0x000000000000007b       0x7c Drivers/STM32F3xx_HAL_Driver/Src/stm32f3xx_ll_utils.o

.debug_frame    0x0000000000000000     0x11e4
 .debug_frame   0x0000000000000000      0x4a4 Core/Src/main.o
 .debug_frame   0x00000000000004a4      0x150 Core/Src/stm32f3xx_it.o
 .debug_frame   0x00000000000005f4       0x58 Core/Src/system_stm32f3xx.o
 .debug_frame   0x000000000000064c      0x1c0 Drivers/STM32F3xx_HAL_Driver/Src/stm32f3xx_ll_gpio.o
 .debug_frame   0x000000000000080c      0x5d0 Drivers/STM32F3xx_HAL_Driver/Src/stm32f3xx_ll_tim.o
 .debug_frame   0x0000000000000ddc      0x3dc Drivers/STM32F3xx_HAL_Driver/Src/stm32f3xx_ll_utils.o
 .debug_frame   0x00000000000011b8       0x2c c:/st/stm32cubeide_1.3.0/stm32cubeide/plugins/com.st.stm32cube.ide.mcu.externaltools.gnu-tools-for-stm32.7-2018-q2-update.win32_1.4.0.202007081208/tools/bin/../lib/gcc/arm-none-eabi/7.3.1/../../../../arm-none-eabi/lib/thumb/v7e-m/fpv4-sp/hard\libc_nano.a(lib_a-init.o)
